// Jest Snapshot v1, https://goo.gl/fbAQLP

exports[`/company/list (GET) - список компаний Должен вернуть список компаний с пагинацией 1`] = `
[
  {
    "email": "testcompany@example.com",
    "id": 1,
    "name": "Test Company",
  },
  {
    "email": "testcompany1@example.com",
    "id": 2,
    "name": "Test Company 1",
  },
  {
    "email": "testcompany2@example.com",
    "id": 3,
    "name": "Test Company 2",
  },
]
`;
